********************************************************************************
   General Structure Analysis System-II Crystal Structure Refinement
              by Robert B. Von Dreele & Brian H. Toby
                Argonne National Laboratory(C), 2010
 This product includes software developed by the UChicago Argonne, LLC,
            as Operator of Argonne National Laboratory.
                          Please cite:
   B.H. Toby & R.B. Von Dreele, J. Appl. Cryst. 46, 544-549 (2013)
********************************************************************************
 Least squares controls:
 Refinement type: analytic Hessian
 Maximum number of cycles: 0
 Regularize hydrogens (if any): False
 Initial shift factor: 1.000

 Phases:

 Phase name: ferrite-PureFe
=======================================================================================================================================

 X-ray scattering factors:
   Symbol     fa                                      fb                                      fc
---------------------------------------------------------------------------------------------------
 Fe        11.76950   7.35730   3.52220   2.30450   4.76110   0.30720  15.35350  76.88050   1.03690

 Neutron scattering factors:
   Symbol   isotope       mass       b       resonant terms
---------------------------------------------------------------------------------------------------
 Fe      Nat. Abund.     55.847    0.945

 Space Group: I m -3 m
 The lattice is centrosymmetric I-centered cubic
 The Laue symmetry is m3m
 The lattice point group is m3m
 Multiplicity of a general site is 96
 The inversion center is located at 0,0,0
 
 The equivalent positions are:

 (0,0,0; 1/2,1/2,1/2)+

 ( 1)     X,     Y,     Z 
 ( 2)     Z,     X,     Y 
 ( 3)     Y,     Z,     X 
 ( 4)     X,     Y,    -Z 
 ( 5)    -Z,     X,     Y 
 ( 6)     Y,    -Z,     X 
 ( 7)    -Z,     X,    -Y 
 ( 8)    -Y,    -Z,     X 
 ( 9)     Y,    -Z,    -X 
 (10)    -X,     Y,    -Z 
 (11)    -Z,    -X,     Y 
 (12)     X,    -Y,    -Z 
 (13)     Y,     X,     Z 
 (14)     Z,     Y,     X 
 (15)     X,     Z,     Y 
 (16)     Y,     X,    -Z 
 (17)    -Z,     Y,     X 
 (18)     X,    -Z,     Y 
 (19)    -Z,     Y,    -X 
 (20)    -X,    -Z,     Y 
 (21)     X,    -Z,    -Y 
 (22)    -Y,     X,    -Z 
 (23)    -Z,    -Y,     X 
 (24)     Y,    -X,    -Z 

 Atoms:
   name    type  refine?   x         y         z      frac site sym  mult I/A   Uiso     U11     U22     U33     U12     U13     U23
---------------------------------------------------------------------------------------------------------------------------------------
    Fe1     Fe          0.00000   0.00000   0.00000   1.000    m3m    2    I 0.00400                                                

 Unit cell: a = 2.89217 b = 2.89217 c = 2.89217 alpha = 90.000 beta = 90.000 gamma = 90.000 volume = 24.192 Refine? False

 Spherical harmonics texture: Order:0

 Phase: ferrite-PureFe in histogram: PWDR CW x-ray simulation
=======================================================================================================================================
 Phase fraction  :     1.0000 Refine? False
 Extinction coeff:     0.0000 Refine? False
 March-Dollase PO:     1.0000 Refine? False Axis: 0 0 1

 Size model    : isotropic equatorial:       1.000 Refine? False
	 LG mixing coeff.:       1.0000 Refine? False

 Mustrain model: isotropic equatorial:      1000.0 Refine? False
	 LG mixing coeff.:      1.0000 Refine? False

 Hydrostatic/elastic strain:
 names :         D11          eA
 values:           0           0
 refine:       False       False

 Histogram: PWDR CW x-ray simulation histogram Id: 0
=======================================================================================================================================
 Instrument type: Bragg-Brentano
 Histogram limits:    30.00 deg to   150.00 deg

 Sample Parameters:
 Goniometer omega = 0.00, chi = 0.00, phi = 0.00
 name  :         Scale         Shift  Transparency    SurfRoughA    SurfRoughB
 value :        1.0000        0.0000        0.0000        0.0000        0.0000
 refine:          True         False         False         False         False

 Instrument Parameters:
 name  :     Azimuth        Bank I(L2)/I(L1)        Lam1        Lam2    Polariz.        SH/L           U
 value :    0.000000    1.000000    0.500000    1.540500    1.544300    0.700000    0.002000    2.000000
 refine:                   False       False                               False       False       False

 name  :           V           W           X           Y           Z        Zero
 value :   -2.000000    5.000000    0.000000    0.000000    0.000000    0.000000
 refine:       False       False       False       False       False       False

 Background function: chebyschev-1 Refine? True
 Coefficients:      1.000     0.000     0.000
 Fixed background file: ; mult: 1.000  Refine? False

 Refinement results:
---------------------------------------------------------------------------------------------------------------------------------------
 Number of function calls: 1 No. of observations: 12001 No. of parameters: 4 User rejected: 0 Sp. gp. extinct: 0
 Refinement time =    0.248s,    0.248s/cycle, for 1 cycles
 wR =  349.56%, chi**2 =       231637, GOF =   4.39

 Phases:
 Result for phase: ferrite-PureFe
=======================================================================================================================================

 Atoms:
   name      x         y         z      frac   Uiso     U11     U22     U33     U12     U13     U23
---------------------------------------------------------------------------------------------------------------------------------------
    Fe1     Fe:
 values:   0.00000   0.00000   0.00000   1.000 0.00400
 sig   :                                              

 Density: 7.6667 g/cm**3

 Phase: ferrite-PureFe in histogram: PWDR CW x-ray simulation
=======================================================================================================================================
 Final refinement RF, RF^2 = 38.79%, 69.05% on 6 reflections
 Durbin-Watson statistic = 2.131
 Bragg intensity sum = 5.25e+03

 Histogram: PWDR CW x-ray simulation histogram Id: 0
=======================================================================================================================================
 PWDR histogram weight factor = 1.000
 Final refinement wR = 100.00% on 12001 observations in this histogram
 Other residuals: R = 56.63%, R-bkg = 100.00%, wR-bkg = 100.00% wRmin = 79.57%
 Instrument type: Bragg-Brentano

 Resonant form factors:(ref: D.T. Cromer & D.A. Liberman (1981), Acta Cryst. A37, 267-268.)
 Element:       Fe
 f'     :   -1.134
 f"     :    3.197

 Sample Parameters:
 names :         Scale         Shift  Transparency    SurfRoughA    SurfRoughB
 values:        1.0000        0.0000        0.0000        0.0000        0.0000
 sig   :        0.0605                                                        

 Background function: chebyschev-1
 value :          1         0         0
 sig   :    0.01904   0.03042   0.02181
 Background sums: empirical 1.2e+04, Debye 0, peaks 0, Total 1.2e+04
