********************************************************************************
   General Structure Analysis System-II Crystal Structure Refinement
              by Robert B. Von Dreele & Brian H. Toby
                Argonne National Laboratory(C), 2010
 This product includes software developed by the UChicago Argonne, LLC,
            as Operator of Argonne National Laboratory.
                          Please cite:
   B.H. Toby & R.B. Von Dreele, J. Appl. Cryst. 46, 544-549 (2013)
********************************************************************************
 Least squares controls:
 Refinement type: analytic Hessian
 Maximum number of cycles: 0
 Regularize hydrogens (if any): False
 Initial shift factor: 1.000

 Phases:

 Phase name: ferrite-SRM487.cif
=======================================================================================================================================

 X-ray scattering factors:
   Symbol     fa                                      fb                                      fc
---------------------------------------------------------------------------------------------------
 Fe        11.76950   7.35730   3.52220   2.30450   4.76110   0.30720  15.35350  76.88050   1.03690
 Cr        10.64060   7.35370   3.32400   1.49220   6.10380   0.39200  20.26260  98.73990   1.18320
 Si         6.29150   3.03530   1.98910   1.54100   2.43860  32.33370   0.67850  81.69370   1.14070
 Mn        11.28190   7.35730   3.01930   2.24410   5.34090   0.34320  17.86740  83.75430   1.08960
 C          2.31000   1.02000   1.58860   0.86500  20.84390  10.20750   0.56870  51.65120   0.21560
 Ni        12.83760   7.29200   4.44380   2.38000   3.87850   0.25650  12.17630  66.34210   1.03410

 Electron scattering factors:
   Symbol     fa                                                fb
---------------------------------------------------------------------------------------------------
 Fe         0.19290   0.82390   1.86890   2.36940   1.90600   0.10870   1.08060   4.76370  22.85000  76.73090
 Cr         0.19700   0.82280   2.02000   2.17170   1.75160   0.11970   1.19850   5.40970  25.23610  94.42900
 Si         0.05670   0.33650   0.81040   2.49600   2.11860   0.05820   0.61550   3.25220  16.79290  57.67670
 Mn         0.19430   0.81900   1.92960   2.49680   2.06250   0.11350   1.13130   5.03410  24.17980  80.55980
 C          0.04890   0.20910   0.75370   1.14200   0.35550   0.11400   1.08250   5.42810  17.88110  51.13410
 Ni         0.23130   1.06570   1.82290   2.26090   1.18830   0.12100   1.26910   5.68700  27.09170  83.02850

 Neutron scattering factors:
   Symbol   isotope       mass       b       resonant terms
---------------------------------------------------------------------------------------------------
 Fe      Nat. Abund.     55.847    0.945
 Cr      Nat. Abund.     51.996    0.363
 Si      Nat. Abund.     28.086    0.415
 Mn      Nat. Abund.     54.938   -0.375
 C       Nat. Abund.     12.011    0.665
 Ni      Nat. Abund.     58.700    1.030

 Space Group: I m -3 m
 The lattice is centrosymmetric I-centered cubic
 The Laue symmetry is m3m
 The lattice point group is m3m
 Multiplicity of a general site is 96
 The inversion center is located at 0,0,0
 
 The equivalent positions are:

 (0,0,0; 1/2,1/2,1/2)+

 ( 1)     X,     Y,     Z 
 ( 2)     Z,     X,     Y 
 ( 3)     Y,     Z,     X 
 ( 4)     X,     Y,    -Z 
 ( 5)    -Z,     X,     Y 
 ( 6)     Y,    -Z,     X 
 ( 7)    -Z,     X,    -Y 
 ( 8)    -Y,    -Z,     X 
 ( 9)     Y,    -Z,    -X 
 (10)    -X,     Y,    -Z 
 (11)    -Z,    -X,     Y 
 (12)     X,    -Y,    -Z 
 (13)     Y,     X,     Z 
 (14)     Z,     Y,     X 
 (15)     X,     Z,     Y 
 (16)     Y,     X,    -Z 
 (17)    -Z,     Y,     X 
 (18)     X,    -Z,     Y 
 (19)    -Z,     Y,    -X 
 (20)    -X,    -Z,     Y 
 (21)     X,    -Z,    -Y 
 (22)    -Y,     X,    -Z 
 (23)    -Z,    -Y,     X 
 (24)     Y,    -X,    -Z 

 Atoms:
   name    type  refine?   x         y         z      frac site sym  mult I/A   Uiso     U11     U22     U33     U12     U13     U23
---------------------------------------------------------------------------------------------------------------------------------------
    Fe1     Fe          0.00000   0.00000   0.00000   0.806    m3m    2    I 0.00400                                                
    Cr2     Cr          0.00000   0.00000   0.00000   0.177    m3m    2    I 0.00400                                                
    Si3     Si          0.00000   0.00000   0.00000   0.016    m3m    2    I 0.00400                                                
    Mn4     Mn          0.00000   0.00000   0.00000   0.002    m3m    2    I 0.00400                                                
     C5      C          0.00000   0.00000   0.00000   0.001    m3m    2    I 0.00400                                                
    Ni6     Ni          0.00000   0.00000   0.00000   0.001    m3m    2    I 0.00400                                                

 Unit cell: a = 2.87219 b = 2.87219 c = 2.87219 alpha = 90.000 beta = 90.000 gamma = 90.000 volume = 23.694 Refine? False

 Phase: ferrite-SRM487.cif in histogram: PWDR ferrite-SRM487.cif simulation
=======================================================================================================================================
 Phase fraction  :          1 Refine? False
 Extinction coeff:     0.0000 Refine? False
 March-Dollase PO:     1.0000 Refine? False Axis: 0 0 1

 Size model    : isotropic equatorial:       1.000 Refine? False
	 LG mixing coeff.:       1.0000 Refine? False

 Mustrain model: isotropic equatorial:      1000.0 Refine? False
	 LG mixing coeff.:      1.0000 Refine? False

 Hydrostatic/elastic strain:
 names :         D11          eA
 values:           0           0
 refine:       False       False

 Histogram: PWDR ferrite-SRM487.cif simulation histogram Id: 0
=======================================================================================================================================
 Instrument type: Bragg-Brentano
 Histogram limits:    36.11 deg to   119.12 deg

 Sample Parameters:
 Goniometer omega = 0.00, chi = 0.00, phi = 0.00
 name  :         Scale         Shift  Transparency    SurfRoughA    SurfRoughB
 value :      100.0000        0.0000        0.0000        0.0000        0.0000
 refine:          True         False         False         False         False

 Instrument Parameters:
 name  :     Azimuth I(L2)/I(L1)        Lam1        Lam2    Polariz.        SH/L
 value :    0.000000    0.500000    1.540500    1.544300    0.700000    0.002000
 refine:                   False                               False       False

 name  :           U           V           W           X           Y           Z        Zero
 value :    9.415874  -12.574785   22.757877    0.662597    2.501063    0.000000    0.000000
 refine:       False       False       False       False       False       False       False

 Background function: chebyschev-1 Refine? False
 Coefficients:      1.000     0.000     0.000
 Fixed background file: ; mult: 1.000  Refine? False

 Refinement results:
---------------------------------------------------------------------------------------------------------------------------------------
 Number of function calls: 0 No. of observations: 5000 No. of parameters: 1 User rejected: 0 Sp. gp. extinct: 0
 Refinement time =    0.040s,    0.040s/cycle, for 1 cycles
 wR =   15.65%, chi**2 =      7391.46, GOF =   1.22
